<?xml version="1.0" encoding="UTF-8"?>
<TestRun id="b1f5f15c-4a58-463f-a1aa-f7de7c4229a2" name="John@MAINMACHINE 2012-01-19 20:05:56" runUser="MainMachine\John" xmlns="http://microsoft.com/schemas/VisualStudio/TeamTest/2010">
  <TestSettings name="Local" id="0b3ab7c5-1192-4b64-8e32-037fc0c839b7">
    <Description>These are default test settings for a local test run.</Description>
    <Deployment enabled="false" runDeploymentRoot="John_MAINMACHINE 2012-01-19 20_05_56" />
    <Execution>
      <TestTypeSpecific />
      <AgentRule name="Execution Agents">
      </AgentRule>
    </Execution>
  </TestSettings>
  <Times creation="2012-01-19T20:05:56.2599587+00:00" queuing="2012-01-19T20:05:58.1550671+00:00" start="2012-01-19T20:05:58.2640734+00:00" finish="2012-01-19T20:05:58.9491125+00:00" />
  <ResultSummary outcome="Completed">
    <Counters total="1" executed="1" passed="1" error="0" failed="0" timeout="0" aborted="0" inconclusive="0" passedButRunAborted="0" notRunnable="0" notExecuted="0" disconnected="0" warning="0" completed="0" inProgress="0" pending="0" />
  </ResultSummary>
  <TestDefinitions>
    <UnitTest name="Generation_Of_the_basicURL" storage="c:\users\john\documents\visual studio 2010\projects\dream\deamer tests\bin\debug\deamer tests.dll" id="1144fadc-946e-b42f-fd23-32de5131d51a">
      <Execution id="f7f2eceb-4fd5-468e-b3d8-ae76084190f1" />
      <TestMethod codeBase="c:/users/john/documents/visual studio 2010/Projects/Dream/Deamer Tests/bin/Debug/Deamer Tests.DLL" adapterTypeName="Microsoft.VisualStudio.TestTools.TestTypes.Unit.UnitTestAdapter, Microsoft.VisualStudio.QualityTools.Tips.UnitTest.Adapter, Version=10.0.0.0, Culture=neutral, PublicKeyToken=b03f5f7f11d50a3a" className="Deamer_Tests.WebURLTest, Deamer Tests, Version=1.0.0.0, Culture=neutral, PublicKeyToken=null" name="Generation_Of_the_basicURL" />
    </UnitTest>
  </TestDefinitions>
  <TestLists>
    <TestList name="Results Not in a List" id="8c84fa94-04c1-424b-9868-57a2d4851a1d" />
    <TestList name="All Loaded Results" id="19431567-8539-422a-85d7-44ee4e166bda" />
  </TestLists>
  <TestEntries>
    <TestEntry testId="1144fadc-946e-b42f-fd23-32de5131d51a" executionId="f7f2eceb-4fd5-468e-b3d8-ae76084190f1" testListId="8c84fa94-04c1-424b-9868-57a2d4851a1d" />
  </TestEntries>
  <Results>
    <UnitTestResult executionId="f7f2eceb-4fd5-468e-b3d8-ae76084190f1" testId="1144fadc-946e-b42f-fd23-32de5131d51a" testName="Generation_Of_the_basicURL" computerName="MAINMACHINE" duration="00:00:00.0565325" startTime="2012-01-19T20:05:58.3650791+00:00" endTime="2012-01-19T20:05:58.8891091+00:00" testType="13cdc9d9-ddb5-4fa4-a97d-d965ccfc6d4b" outcome="Passed" testListId="8c84fa94-04c1-424b-9868-57a2d4851a1d" relativeResultsDirectory="f7f2eceb-4fd5-468e-b3d8-ae76084190f1">
    </UnitTestResult>
  </Results>
</TestRun>